Using 16bit Automatic Mixed Precision (AMP)
GPU available: True (cuda), used: True
TPU available: False, using: 0 TPU cores
HPU available: False, using: 0 HPUs
You are using a CUDA device ('NVIDIA GeForce RTX 4080') that has Tensor Cores. To properly utilize them, you should set `torch.set_float32_matmul_precision('medium' | 'high')` which will trade-off precision for performance. For more details, read https://pytorch.org/docs/stable/generated/torch.set_float32_matmul_precision.html#torch.set_float32_matmul_precision
/ist-nas/users/bunditb/miniforge3/envs/boltz/lib/python3.10/site-packages/pytorch_lightning/callbacks/model_checkpoint.py:654: Checkpoint directory /ist-nas/users/bunditb/boltz/scripts/train/train_results/output/checkpoints exists and is not empty.
LOCAL_RANK: 0 - CUDA_VISIBLE_DEVICES: [0]
/ist-nas/users/bunditb/miniforge3/envs/boltz/lib/python3.10/site-packages/torch/optim/lr_scheduler.py:62: UserWarning: The verbose parameter is deprecated. Please use get_last_lr() to access the learning rate.
  warnings.warn(

   | Name                              | Type                    | Params | Mode 
---------------------------------------------------------------------------------------
0  | lddt                              | ModuleDict              | 0      | train
1  | disto_lddt                        | ModuleDict              | 0      | train
2  | complex_lddt                      | ModuleDict              | 0      | train
3  | rmsd                              | MeanMetric              | 0      | train
4  | best_rmsd                         | MeanMetric              | 0      | train
5  | train_confidence_loss_logger      | MeanMetric              | 0      | train
6  | train_confidence_loss_dict_logger | ModuleDict              | 0      | train
7  | s_init                            | Linear                  | 174 K  | train
8  | z_init_1                          | Linear                  | 58.2 K | train
9  | z_init_2                          | Linear                  | 58.2 K | train
10 | input_embedder                    | InputEmbedder           | 1.0 M  | train
11 | rel_pos                           | RelativePositionEncoder | 17.8 K | train
12 | token_bonds                       | Linear                  | 128    | train
13 | s_norm                            | LayerNorm               | 768    | train
14 | z_norm                            | LayerNorm               | 256    | train
15 | s_recycle                         | Linear                  | 147 K  | train
16 | z_recycle                         | Linear                  | 16.4 K | train
17 | msa_module                        | MSAModule               | 3.2 M  | train
18 | pairformer_module                 | PairformerModule        | 147 M  | train
19 | structure_module                  | AtomDiffusion           | 280 M  | train
20 | distogram_module                  | DistogramModule         | 8.3 K  | train
---------------------------------------------------------------------------------------
432 M     Trainable params
512       Non-trainable params
432 M     Total params
1,728.830 Total estimated model params size (MB)
4280      Modules in train mode
0         Modules in eval mode
Traceback (most recent call last):
  File "/ist-nas/users/bunditb/boltz/scripts/train/train.py", line 237, in <module>
    train(arg1, arg2)
  File "/ist-nas/users/bunditb/boltz/scripts/train/train.py", line 227, in train
    trainer.fit(
  File "/ist-nas/users/bunditb/miniforge3/envs/boltz/lib/python3.10/site-packages/pytorch_lightning/trainer/trainer.py", line 538, in fit
    call._call_and_handle_interrupt(
  File "/ist-nas/users/bunditb/miniforge3/envs/boltz/lib/python3.10/site-packages/pytorch_lightning/trainer/call.py", line 47, in _call_and_handle_interrupt
    return trainer_fn(*args, **kwargs)
  File "/ist-nas/users/bunditb/miniforge3/envs/boltz/lib/python3.10/site-packages/pytorch_lightning/trainer/trainer.py", line 574, in _fit_impl
    self._run(model, ckpt_path=ckpt_path)
  File "/ist-nas/users/bunditb/miniforge3/envs/boltz/lib/python3.10/site-packages/pytorch_lightning/trainer/trainer.py", line 981, in _run
    results = self._run_stage()
  File "/ist-nas/users/bunditb/miniforge3/envs/boltz/lib/python3.10/site-packages/pytorch_lightning/trainer/trainer.py", line 1025, in _run_stage
    self.fit_loop.run()
  File "/ist-nas/users/bunditb/miniforge3/envs/boltz/lib/python3.10/site-packages/pytorch_lightning/loops/fit_loop.py", line 205, in run
    self.advance()
  File "/ist-nas/users/bunditb/miniforge3/envs/boltz/lib/python3.10/site-packages/pytorch_lightning/loops/fit_loop.py", line 363, in advance
    self.epoch_loop.run(self._data_fetcher)
  File "/ist-nas/users/bunditb/miniforge3/envs/boltz/lib/python3.10/site-packages/pytorch_lightning/loops/training_epoch_loop.py", line 140, in run
    self.advance(data_fetcher)
  File "/ist-nas/users/bunditb/miniforge3/envs/boltz/lib/python3.10/site-packages/pytorch_lightning/loops/training_epoch_loop.py", line 250, in advance
    batch_output = self.automatic_optimization.run(trainer.optimizers[0], batch_idx, kwargs)
  File "/ist-nas/users/bunditb/miniforge3/envs/boltz/lib/python3.10/site-packages/pytorch_lightning/loops/optimization/automatic.py", line 183, in run
    closure()
  File "/ist-nas/users/bunditb/miniforge3/envs/boltz/lib/python3.10/site-packages/pytorch_lightning/loops/optimization/automatic.py", line 144, in __call__
    self._result = self.closure(*args, **kwargs)
  File "/ist-nas/users/bunditb/miniforge3/envs/boltz/lib/python3.10/site-packages/torch/utils/_contextlib.py", line 116, in decorate_context
    return func(*args, **kwargs)
  File "/ist-nas/users/bunditb/miniforge3/envs/boltz/lib/python3.10/site-packages/pytorch_lightning/loops/optimization/automatic.py", line 129, in closure
    step_output = self._step_fn()
  File "/ist-nas/users/bunditb/miniforge3/envs/boltz/lib/python3.10/site-packages/pytorch_lightning/loops/optimization/automatic.py", line 317, in _training_step
    training_step_output = call._call_strategy_hook(trainer, "training_step", *kwargs.values())
  File "/ist-nas/users/bunditb/miniforge3/envs/boltz/lib/python3.10/site-packages/pytorch_lightning/trainer/call.py", line 319, in _call_strategy_hook
    output = fn(*args, **kwargs)
  File "/ist-nas/users/bunditb/miniforge3/envs/boltz/lib/python3.10/site-packages/pytorch_lightning/strategies/strategy.py", line 390, in training_step
    return self.lightning_module.training_step(*args, **kwargs)
  File "/ist-nas/users/bunditb/boltz/src/boltz/model/model.py", line 600, in training_step
    out = self(
  File "/ist-nas/users/bunditb/miniforge3/envs/boltz/lib/python3.10/site-packages/torch/nn/modules/module.py", line 1739, in _wrapped_call_impl
    return self._call_impl(*args, **kwargs)
  File "/ist-nas/users/bunditb/miniforge3/envs/boltz/lib/python3.10/site-packages/torch/nn/modules/module.py", line 1750, in _call_impl
    return forward_call(*args, **kwargs)
  File "/ist-nas/users/bunditb/boltz/src/boltz/model/model.py", line 461, in forward
    s, z = pairformer_module(s, z, mask=mask, pair_mask=pair_mask)
  File "/ist-nas/users/bunditb/miniforge3/envs/boltz/lib/python3.10/site-packages/torch/nn/modules/module.py", line 1739, in _wrapped_call_impl
    return self._call_impl(*args, **kwargs)
  File "/ist-nas/users/bunditb/miniforge3/envs/boltz/lib/python3.10/site-packages/torch/nn/modules/module.py", line 1750, in _call_impl
    return forward_call(*args, **kwargs)
  File "/ist-nas/users/bunditb/boltz/src/boltz/model/modules/trunk.py", line 780, in forward
    s, z = layer(s, z, mask, pair_mask, chunk_size_tri_attn)
  File "/ist-nas/users/bunditb/miniforge3/envs/boltz/lib/python3.10/site-packages/torch/nn/modules/module.py", line 1739, in _wrapped_call_impl
    return self._call_impl(*args, **kwargs)
  File "/ist-nas/users/bunditb/miniforge3/envs/boltz/lib/python3.10/site-packages/torch/nn/modules/module.py", line 1750, in _call_impl
    return forward_call(*args, **kwargs)
  File "/ist-nas/users/bunditb/.local/lib/python3.10/site-packages/fairscale/nn/checkpoint/checkpoint_activations.py", line 191, in _checkpointed_forward
    output = CheckpointFunction.apply(
  File "/ist-nas/users/bunditb/miniforge3/envs/boltz/lib/python3.10/site-packages/torch/autograd/function.py", line 575, in apply
    return super().apply(*args, **kwargs)  # type: ignore[misc]
  File "/ist-nas/users/bunditb/.local/lib/python3.10/site-packages/fairscale/nn/checkpoint/checkpoint_activations.py", line 283, in forward
    outputs = run_function(*unpacked_args, **unpacked_kwargs)
  File "/ist-nas/users/bunditb/boltz/src/boltz/model/modules/trunk.py", line 857, in forward
    z = z + dropout * self.tri_att_start(
  File "/ist-nas/users/bunditb/miniforge3/envs/boltz/lib/python3.10/site-packages/torch/nn/modules/module.py", line 1739, in _wrapped_call_impl
    return self._call_impl(*args, **kwargs)
  File "/ist-nas/users/bunditb/miniforge3/envs/boltz/lib/python3.10/site-packages/torch/nn/modules/module.py", line 1750, in _call_impl
    return forward_call(*args, **kwargs)
  File "/ist-nas/users/bunditb/boltz/src/boltz/model/layers/triangular_attention/attention.py", line 162, in forward
    x = self.mha(
  File "/ist-nas/users/bunditb/miniforge3/envs/boltz/lib/python3.10/site-packages/torch/nn/modules/module.py", line 1739, in _wrapped_call_impl
    return self._call_impl(*args, **kwargs)
  File "/ist-nas/users/bunditb/miniforge3/envs/boltz/lib/python3.10/site-packages/torch/nn/modules/module.py", line 1750, in _call_impl
    return forward_call(*args, **kwargs)
  File "/ist-nas/users/bunditb/boltz/src/boltz/model/layers/triangular_attention/primitives.py", line 502, in forward
    o = _attention(q, k, v, biases)
  File "/ist-nas/users/bunditb/boltz/src/boltz/model/layers/triangular_attention/primitives.py", line 221, in _attention
    a = torch.matmul(a, value)
torch.OutOfMemoryError: CUDA out of memory. Tried to allocate 64.00 MiB. GPU 0 has a total capacity of 15.70 GiB of which 22.50 MiB is free. Including non-PyTorch memory, this process has 15.65 GiB memory in use. Of the allocated memory 15.22 GiB is allocated by PyTorch, and 113.63 MiB is reserved by PyTorch but unallocated. If reserved but unallocated memory is large try setting PYTORCH_CUDA_ALLOC_CONF=expandable_segments:True to avoid fragmentation.  See documentation for Memory Management  (https://pytorch.org/docs/stable/notes/cuda.html#environment-variables)
